exports[`test survives refactoring without changing ui 1`] = `
<div
  className="App">
  <div
    className="SubredditList">
    <h1>
      Filter Subreddits
    </h1>
    <ul
      className="Subreddits">
      <li
        className="Subreddit">
        r/
        AskReddit
      </li>
      <li
        className="Subreddit">
        r/
        gadgets
      </li>
      <li
        className="Subreddit">
        r/
        sports
      </li>
      <li
        className="Subreddit">
        r/
        pics
      </li>
      <li
        className="Subreddit">
        r/
        worldnews
      </li>
      <li
        className="Subreddit">
        r/
        gaming
      </li>
      <li>
        <form>
          <input
            placeholder="r/subreddit"
            type="text" />
        </form>
      </li>
    </ul>
  </div>
  <ol
    className="Posts">
    <li
      className="Post">
      <div
        className="Score">
        17.1k
      </div>
      <img
        alt="thumbnail"
        className="Thumbnail"
        src="//b.thumbs.redditmedia.com/AwdUKfpVjz_1T7JMPfePIrS34IgEbtvEy_dWlr3bHmE.jpg" />
      <a
        className="title"
        href="#">
        An entire DLSR camera, disassembled.
      </a>
      <div>
        submitted 
        <span
          className="SubmissionTime">
          4 hours ago
        </span>
         by 
        <span
          className="Author">
          Idkmtbh
        </span>
         to 
        <span
          className="Subreddit">
          r/
          mildlyinteresting
        </span>
      </div>
      <div>
        <a
          className="Comment"
          href="#">
          Comment
        </a>
      </div>
    </li>
    <li
      className="Post">
      <div
        className="Score">
        17.1k
      </div>
      <img
        alt="thumbnail"
        className="Thumbnail"
        src="//b.thumbs.redditmedia.com/AwdUKfpVjz_1T7JMPfePIrS34IgEbtvEy_dWlr3bHmE.jpg" />
      <a
        className="title"
        href="#">
        An entire DLSR camera, disassembled.
      </a>
      <div>
        submitted 
        <span
          className="SubmissionTime">
          4 hours ago
        </span>
         by 
        <span
          className="Author">
          Idkmtbh
        </span>
         to 
        <span
          className="Subreddit">
          r/
          mildlyinteresting
        </span>
      </div>
      <div>
        <a
          className="Comment"
          href="#">
          Comment
        </a>
      </div>
    </li>
    <li
      className="Post">
      <div
        className="Score">
        17.1k
      </div>
      <img
        alt="thumbnail"
        className="Thumbnail"
        src="//b.thumbs.redditmedia.com/AwdUKfpVjz_1T7JMPfePIrS34IgEbtvEy_dWlr3bHmE.jpg" />
      <a
        className="title"
        href="#">
        An entire DLSR camera, disassembled.
      </a>
      <div>
        submitted 
        <span
          className="SubmissionTime">
          4 hours ago
        </span>
         by 
        <span
          className="Author">
          Idkmtbh
        </span>
         to 
        <span
          className="Subreddit">
          r/
          mildlyinteresting
        </span>
      </div>
      <div>
        <a
          className="Comment"
          href="#">
          Comment
        </a>
      </div>
    </li>
  </ol>
</div>
`;
